nohup: ignoring input

████████████████████████████████████████████████████████████████████████████████████████
  Exp 3 — FLAT baselines (same-kernel arc-cosine control + RBF reference)
  P=1000 final_C=1.0 seeds=3
  flat_arccosine = ML_MSVM(num_layers=0): arc-cosine RFF + head, NO blocks/projection.
  flat_rbf = exact RBF SVM (n<=10k) or RBF-RFF (larger). Appends to the Exp-3 CSV.
████████████████████████████████████████████████████████████████████████████████████████



====================================================================================
  DATASET: SynthMC_blobs  (d=36, K=6)
====================================================================================

  ──────────────────────────────────────────────────────────────────────────────────
  SynthMC_blobs  n=1,000  (d=36, K=6, test=1,200)
  baseline                tr_acc  te_acc     f1    auc   t/run
  ··················································································
  flat_arccosine          1.0000  0.8425  0.841  0.962    0.2s
  flat_rbf_exact          0.9907  0.8861  0.885  0.980    0.0s

  ──────────────────────────────────────────────────────────────────────────────────
  SynthMC_blobs  n=3,000  (d=36, K=6, test=1,200)
  baseline                tr_acc  te_acc     f1    auc   t/run
  ··················································································
  flat_arccosine          0.9998  0.8603  0.859  0.972    0.6s
  flat_rbf_exact          0.9809  0.9136  0.913  0.985    0.2s


====================================================================================
  DATASET: SynthMC_nonlinear  (d=38, K=5)
====================================================================================

  ──────────────────────────────────────────────────────────────────────────────────
  SynthMC_nonlinear  n=1,000  (d=38, K=5, test=1,200)
  baseline                tr_acc  te_acc     f1    auc   t/run
  ··················································································
  flat_arccosine          1.0000  0.5317  0.461  0.766    0.3s
  flat_rbf_exact          0.8507  0.5642  0.404  0.780    0.0s

  ──────────────────────────────────────────────────────────────────────────────────
  SynthMC_nonlinear  n=3,000  (d=38, K=5, test=1,200)
  baseline                tr_acc  te_acc     f1    auc   t/run
  ··················································································
  flat_arccosine          0.9782  0.6269  0.557  0.843    1.1s
  flat_rbf_exact          0.8687  0.6333  0.517  0.844    0.3s


====================================================================================
  DATASET: Digits8x8  (d=64, K=10)
====================================================================================

  ──────────────────────────────────────────────────────────────────────────────────
  Digits8x8  n=500  (d=64, K=10, test=500)
  baseline                tr_acc  te_acc     f1    auc   t/run
  ··················································································
  flat_arccosine          1.0000  0.9700  0.970  0.991    0.1s
  flat_rbf_exact          0.9967  0.9640  0.964  0.991    0.0s

  ──────────────────────────────────────────────────────────────────────────────────
  Digits8x8  n=1,000  (d=64, K=10, test=500)
  baseline                tr_acc  te_acc     f1    auc   t/run
  ··················································································
  flat_arccosine          1.0000  0.9793  0.979  0.996    0.2s
  flat_rbf_exact          0.9960  0.9773  0.977  0.995    0.0s

  ──────────────────────────────────────────────────────────────────────────────────
  Digits8x8  n=1,297  (d=64, K=10, test=500)
  baseline                tr_acc  te_acc     f1    auc   t/run
  ··················································································
  flat_arccosine          1.0000  0.9787  0.979  0.996    0.3s
  flat_rbf_exact          0.9972  0.9800  0.980  0.995    0.0s


====================================================================================
  DATASET: Optdigits  (d=64, K=10)
====================================================================================

  ──────────────────────────────────────────────────────────────────────────────────
  Optdigits  n=500  (d=64, K=10, test=1,124)
  baseline                tr_acc  te_acc     f1    auc   t/run
  ··················································································
  flat_arccosine          1.0000  0.9520  0.952  0.992    0.1s
  flat_rbf_exact          0.9960  0.9508  0.951  0.991    0.0s

  ──────────────────────────────────────────────────────────────────────────────────
  Optdigits  n=2,000  (d=64, K=10, test=1,124)
  baseline                tr_acc  te_acc     f1    auc   t/run
  ··················································································
  flat_arccosine          1.0000  0.9781  0.978  0.998    0.4s
  flat_rbf_exact          0.9957  0.9739  0.974  0.996    0.1s

  ──────────────────────────────────────────────────────────────────────────────────
  Optdigits  n=3,823  (d=64, K=10, test=1,124)
  baseline                tr_acc  te_acc     f1    auc   t/run
  ··················································································
  flat_arccosine          1.0000  0.9864  0.986  0.999    0.9s
  flat_rbf_exact          0.9970  0.9825  0.983  0.998    0.1s


====================================================================================
  DATASET: Satimage  (d=36, K=6)
====================================================================================

  ──────────────────────────────────────────────────────────────────────────────────
  Satimage  n=500  (d=36, K=6, test=1,286)
  baseline                tr_acc  te_acc     f1    auc   t/run
  ··················································································
  flat_arccosine          0.9867  0.8637  0.834  0.973    0.2s
  flat_rbf_exact          0.9053  0.8655  0.832  0.967    0.0s

  ──────────────────────────────────────────────────────────────────────────────────
  Satimage  n=2,000  (d=36, K=6, test=1,286)
  baseline                tr_acc  te_acc     f1    auc   t/run
  ··················································································
  flat_arccosine          0.9610  0.8906  0.868  0.983    0.4s
  flat_rbf_exact          0.9040  0.8813  0.855  0.973    0.0s

  ──────────────────────────────────────────────────────────────────────────────────
  Satimage  n=4,435  (d=36, K=6, test=1,286)
  baseline                tr_acc  te_acc     f1    auc   t/run
  ··················································································
  flat_arccosine          0.9490  0.9101  0.891  0.986    1.0s
  flat_rbf_exact          0.9072  0.8942  0.871  0.977    0.1s
  Loading mnist... done (2.6s, shape=(70000, 784))


====================================================================================
  DATASET: MNIST  (d=784, K=10)
====================================================================================

  ──────────────────────────────────────────────────────────────────────────────────
  MNIST  n=2,000  (d=784, K=10, test=14,000)
  baseline                tr_acc  te_acc     f1    auc   t/run
  ··················································································
  flat_arccosine          1.0000  0.8831  0.882  0.970    0.5s
  flat_rbf_exact          0.9825  0.8936  0.894  0.979    0.5s

  ──────────────────────────────────────────────────────────────────────────────────
  MNIST  n=10,000  (d=784, K=10, test=14,000)
  baseline                tr_acc  te_acc     f1    auc   t/run
  ··················································································
  flat_arccosine          0.9989  0.9220  0.921  0.985    3.7s
  flat_rbf_exact          0.9828  0.9391  0.939  0.988    8.7s

  ──────────────────────────────────────────────────────────────────────────────────
  MNIST  n=50,000  (d=784, K=10, test=14,000)
  baseline                tr_acc  te_acc     f1    auc   t/run
  ··················································································
  flat_arccosine          0.9707  0.9472  0.947  0.992   20.5s
  flat_rbf_rff            0.9498  0.9354  0.935  0.991   30.5s
  Loading higgs...   (HIGGS from cache)
done (0.9s, shape=(1100649, 28))


====================================================================================
  DATASET: HIGGS  (d=28, K=2)
====================================================================================

  ──────────────────────────────────────────────────────────────────────────────────
  HIGGS  n=2,000  (d=28, K=2, test=20,000)
  baseline                tr_acc  te_acc     f1    auc   t/run
  ··················································································
  flat_arccosine          0.8587  0.6067  0.605  0.647    0.5s
  flat_rbf_exact          0.8017  0.6393  0.634  0.688    0.1s

  ──────────────────────────────────────────────────────────────────────────────────
  HIGGS  n=10,000  (d=28, K=2, test=20,000)
  baseline                tr_acc  te_acc     f1    auc   t/run
  ··················································································
  flat_arccosine          0.7216  0.6396  0.636  0.691    2.3s
  flat_rbf_exact          0.7642  0.6693  0.664  0.727    2.9s

  ──────────────────────────────────────────────────────────────────────────────────
  HIGGS  n=50,000  (d=28, K=2, test=20,000)
  baseline                tr_acc  te_acc     f1    auc   t/run
  ··················································································
  flat_arccosine          0.6874  0.6705  0.666  0.730   10.2s
  flat_rbf_rff            0.6892  0.6784  0.673  0.737   15.1s
  Loading covertype... done (5.3s, shape=(581012, 54))


====================================================================================
  DATASET: CoverType  (d=54, K=7)
====================================================================================

  ──────────────────────────────────────────────────────────────────────────────────
  CoverType  n=2,000  (d=54, K=7, test=20,000)
  baseline                tr_acc  te_acc     f1    auc   t/run
  ··················································································
  flat_arccosine          0.8672  0.7186  0.534  0.886    1.4s
  flat_rbf_exact          0.7517  0.7052  0.418  0.895    0.1s

  ──────────────────────────────────────────────────────────────────────────────────
  CoverType  n=10,000  (d=54, K=7, test=20,000)
  baseline                tr_acc  te_acc     f1    auc   t/run
  ··················································································
  flat_arccosine          0.8006  0.7633  0.614  0.942   12.2s
  flat_rbf_exact          0.7505  0.7393  0.456  0.920    2.4s

  ──────────────────────────────────────────────────────────────────────────────────
  CoverType  n=50,000  (d=54, K=7, test=20,000)
  baseline                tr_acc  te_acc     f1    auc   t/run
  ··················································································
  flat_arccosine          0.7884  0.7797  0.665  0.961   78.7s
  flat_rbf_rff            0.7563  0.7564  0.560  0.952   54.4s

  flat baselines complete. 00h20m26s

  READING: compare the deep/wide architecture (exp3 rows) against flat_arccosine
  at the SAME (dataset,n). A gain over flat_arccosine isolates the ARCHITECTURE's
  contribution (kernel held fixed); the flat_rbf row isolates the kernel choice.
