nohup: ignoring input

██████████████████████████████████████████████████████████████████████████████████████████████████████████████████████████████████████
  Exp — Best feeding strategy for m>1 (adds C, B_in_sqrt, B_in_dm)
  P=1000  block_C=10.0  final_C=1.0  seeds=3  full-P per SVM
  arms=['C_splitdata_fullcols', 'B_in_sqrt', 'B_in_dm', 'D_sqrt_fullP', 'D_dm_fullP']  m=[1, 10, 50]  L=[1, 2] (m=50 only n<=50,000)
  Reuse A (baseline) and B_phi (featpart) from prior runs for the full table.
██████████████████████████████████████████████████████████████████████████████████████████████████████████████████████████████████████

  Loading higgs...   (HIGGS from cache)
done (0.8s, shape=(1100649, 28))
  loaded HIGGS: 1,100,649 rows, d=28, K=2


============================================================================================
  DATASET: HIGGS
============================================================================================

  ──────────────────────────────────────────────────────────────────────────────────────────
  HIGGS  n=1,000  (d=28, K=2, test=20,000)
  arm                      m  L   n/SVM cols/SVM   train    test  cos_sim   t/run
  ··························································································
  C_splitdata_fullcols     1  1    1000       28  1.0000  0.5738   1.0000    0.3s
  C_splitdata_fullcols     1  2    1000       28  1.0000  0.5736   1.0000    0.3s

  C_splitdata_fullcols    10  SKIP (n/SVM=100<200)
  C_splitdata_fullcols    50  SKIP (n/SVM=20<200)
  B_in_sqrt                1  1    1000        5  0.7473  0.5367   1.0000    0.2s
  B_in_sqrt                1  2    1000        5  0.7497  0.5356   1.0000    0.2s

  B_in_sqrt               10  1     100        5  0.9497  0.5746   0.3502    1.8s
  B_in_sqrt               10  2     100        5  0.9527  0.5789   0.3502    2.6s

  B_in_sqrt               50  1      20        5  0.9977  0.5884   0.3357   11.1s
  B_in_sqrt               50  2      20        5  0.9987  0.6202   0.3357   15.3s

  B_in_dm                  1  1    1000       28  1.0000  0.5745   1.0000    0.4s
  B_in_dm                  1  2    1000       28  1.0000  0.5742   1.0000    0.4s

  B_in_dm                 10  1     100        2  0.8090  0.5947   0.1096    1.5s
  B_in_dm                 10  2     100        2  0.8113  0.5944   0.1096    2.1s

  B_in_dm                 50  SKIP (m>d=28)
  D_sqrt_fullP             1  1    1000        5  0.7503  0.5357   1.0000    0.2s
  D_sqrt_fullP             1  2    1000        5  0.7507  0.5357   1.0000    0.3s

  D_sqrt_fullP            10  SKIP (n/SVM=100<200)
  D_sqrt_fullP            50  SKIP (n/SVM=20<200)
  D_dm_fullP               1  1    1000       28  1.0000  0.5742   1.0000    0.5s
  D_dm_fullP               1  2    1000       28  0.9997  0.5743   1.0000    0.4s

  D_dm_fullP              10  SKIP (n/SVM=100<200)
  D_dm_fullP              50  SKIP (m>d=28)

  ──────────────────────────────────────────────────────────────────────────────────────────
  HIGGS  n=5,000  (d=28, K=2, test=20,000)
  arm                      m  L   n/SVM cols/SVM   train    test  cos_sim   t/run
  ··························································································
  C_splitdata_fullcols     1  1    5000       28  0.7679  0.6148   1.0000    1.3s
  C_splitdata_fullcols     1  2    5000       28  0.7678  0.6153   1.0000    1.5s

  C_splitdata_fullcols    10  1     500       28  0.6987  0.6386   0.0334    2.1s
  C_splitdata_fullcols    10  2     500       28  0.7275  0.6310   0.0334    5.9s

  C_splitdata_fullcols    50  SKIP (n/SVM=100<200)
  B_in_sqrt                1  1    5000        5  0.6458  0.5484   1.0000    2.4s
  B_in_sqrt                1  2    5000        5  0.6463  0.5479   1.0000    2.5s

  B_in_sqrt               10  1     500        5  0.8379  0.6065   0.1893   21.4s
  B_in_sqrt               10  2     500        5  0.8439  0.6110   0.1893   23.0s

  B_in_sqrt               50  1     100        5  0.9319  0.6214   0.2018  103.7s
  B_in_sqrt               50  2     100        5  0.9571  0.6369   0.2018  159.6s

  B_in_dm                  1  1    5000       28  0.7654  0.6180   1.0000    1.7s
  B_in_dm                  1  2    5000       28  0.7659  0.6178   1.0000    1.7s

  B_in_dm                 10  1     500        2  0.7191  0.6218   0.0951    9.5s
  B_in_dm                 10  2     500        2  0.7212  0.6253   0.0951   11.1s

  B_in_dm                 50  SKIP (m>d=28)
  D_sqrt_fullP             1  1    5000        5  0.6455  0.5512   1.0000    1.7s
  D_sqrt_fullP             1  2    5000        5  0.6453  0.5500   1.0000    1.9s

  D_sqrt_fullP            10  1     500        5  0.6455  0.5841   0.0594    4.8s
  D_sqrt_fullP            10  2     500        5  0.6459  0.5779   0.0594   10.1s

  D_sqrt_fullP            50  SKIP (n/SVM=100<200)
  D_dm_fullP               1  1    5000       28  0.7730  0.6149   1.0000    1.6s
  D_dm_fullP               1  2    5000       28  0.7723  0.6149   1.0000    1.8s

  D_dm_fullP              10  1     500        2  0.6306  0.6034  -0.0026    5.3s
  D_dm_fullP              10  2     500        2  0.6259  0.6035  -0.0026    9.9s

  D_dm_fullP              50  SKIP (m>d=28)

  ──────────────────────────────────────────────────────────────────────────────────────────
  HIGGS  n=10,000  (d=28, K=2, test=20,000)
  arm                      m  L   n/SVM cols/SVM   train    test  cos_sim   t/run
  ··························································································
  C_splitdata_fullcols     1  1   10000       28  0.7200  0.6355   1.0000    2.8s
  C_splitdata_fullcols     1  2   10000       28  0.7204  0.6355   1.0000    3.0s

  C_splitdata_fullcols    10  1    1000       28  0.6952  0.6445   0.0288    3.1s
  C_splitdata_fullcols    10  2    1000       28  0.7154  0.6375   0.0288    6.3s

  C_splitdata_fullcols    50  1     200       28  0.6717  0.6507   0.0334    1.6s
  C_splitdata_fullcols    50  2     200       28  0.6830  0.6524   0.0334    2.4s

  B_in_sqrt                1  1   10000        5  0.6182  0.5496   1.0000    3.8s
  B_in_sqrt                1  2   10000        5  0.6183  0.5488   1.0000    4.4s

  B_in_sqrt               10  1    1000        5  0.7779  0.6218   0.1668   46.7s
  B_in_sqrt               10  2    1000        5  0.7805  0.6252   0.1668   51.7s

  B_in_sqrt               50  1     200        5  0.8656  0.6387   0.1912  210.9s
  B_in_sqrt               50  2     200        5  0.8978  0.6429   0.1912  329.6s

  B_in_dm                  1  1   10000       28  0.7204  0.6394   1.0000    2.5s
  B_in_dm                  1  2   10000       28  0.7203  0.6394   1.0000    2.9s

  B_in_dm                 10  1    1000        2  0.6929  0.6353   0.1014   19.8s
  B_in_dm                 10  2    1000        2  0.6948  0.6375   0.1014   22.7s

  B_in_dm                 50  SKIP (m>d=28)
  D_sqrt_fullP             1  1   10000        5  0.6183  0.5505   1.0000    3.7s
  D_sqrt_fullP             1  2   10000        5  0.6188  0.5515   1.0000    3.8s

  D_sqrt_fullP            10  1    1000        5  0.6467  0.6049   0.0427    2.8s
  D_sqrt_fullP            10  2    1000        5  0.6468  0.6025   0.0427    5.0s

  D_sqrt_fullP            50  1     200        5  0.6620  0.6448   0.0634   13.4s
  D_sqrt_fullP            50  2     200        5  0.6616  0.6328   0.0634   24.3s

  D_dm_fullP               1  1   10000       28  0.7196  0.6349   1.0000    2.3s
  D_dm_fullP               1  2   10000       28  0.7198  0.6343   1.0000    2.6s

  D_dm_fullP              10  1    1000        2  0.6347  0.6200   0.0095    1.9s
  D_dm_fullP              10  2    1000        2  0.6371  0.6236   0.0095    2.8s

  D_dm_fullP              50  SKIP (m>d=28)

  ──────────────────────────────────────────────────────────────────────────────────────────
  HIGGS  n=50,000  (d=28, K=2, test=20,000)
  arm                      m  L   n/SVM cols/SVM   train    test  cos_sim   t/run
  ··························································································
  C_splitdata_fullcols     1  1   50000       28  0.6873  0.6708   1.0000    8.4s
  C_splitdata_fullcols     1  2   50000       28  0.6878  0.6716   1.0000    9.9s

  C_splitdata_fullcols    10  1    5000       28  0.6863  0.6703   0.0849   13.2s
  C_splitdata_fullcols    10  2    5000       28  0.6940  0.6643   0.0849   30.9s

  C_splitdata_fullcols    50  1    1000       28  0.6831  0.6723   0.0294   16.3s
  C_splitdata_fullcols    50  2    1000       28  0.6890  0.6696   0.0294   24.7s

  B_in_sqrt                1  1   50000        5  0.5839  0.5603   1.0000   19.3s
  B_in_sqrt                1  2   50000        5  0.5842  0.5598   1.0000   21.7s

  B_in_sqrt               10  1    5000        5  0.6826  0.6460   0.1743  172.7s
  B_in_sqrt               10  2    5000        5  0.6833  0.6482   0.1743  199.1s

  B_in_sqrt               50  1    1000        5  0.7402  0.6845   0.1969  870.6s
  B_in_sqrt               50  2    1000        5  0.7510  0.6815   0.1969 1375.3s

  B_in_dm                  1  1   50000       28  0.6889  0.6692   1.0000    8.8s
  B_in_dm                  1  2   50000       28  0.6898  0.6698   1.0000   10.4s

  B_in_dm                 10  1    5000        2  0.6590  0.6507   0.1380   70.5s
  B_in_dm                 10  2    5000        2  0.6612  0.6544   0.1380   84.1s

  B_in_dm                 50  SKIP (m>d=28)
  D_sqrt_fullP             1  1   50000        5  0.5831  0.5602   1.0000   18.0s
  D_sqrt_fullP             1  2   50000        5  0.5839  0.5596   1.0000   18.3s

  D_sqrt_fullP            10  1    5000        5  0.6477  0.6268   0.0825   20.3s
  D_sqrt_fullP            10  2    5000        5  0.6452  0.6240   0.0825   31.4s

  D_sqrt_fullP            50  1    1000        5  0.6758  0.6684   0.0603   25.3s
  D_sqrt_fullP            50  2    1000        5  0.6771  0.6614   0.0603   54.2s

  D_dm_fullP               1  1   50000       28  0.6890  0.6704   1.0000    8.7s
  D_dm_fullP               1  2   50000       28  0.6889  0.6706   1.0000   10.3s

  D_dm_fullP              10  1    5000        2  0.6434  0.6378   0.0463   12.2s
  D_dm_fullP              10  2    5000        2  0.6469  0.6427   0.0463   16.1s

  D_dm_fullP              50  SKIP (m>d=28)

  ──────────────────────────────────────────────────────────────────────────────────────────
  HIGGS  n=100,000  (d=28, K=2, test=20,000)
  arm                      m  L   n/SVM cols/SVM   train    test  cos_sim   t/run
  ··························································································
  C_splitdata_fullcols     1  1  100000       28  0.6840  0.6721   1.0000   17.2s
  C_splitdata_fullcols     1  2  100000       28  0.6846  0.6722   1.0000   19.8s

  C_splitdata_fullcols    10  1   10000       28  0.6845  0.6726   0.1733   22.9s
  C_splitdata_fullcols    10  2   10000       28  0.6885  0.6708   0.1733   43.6s

  C_splitdata_fullcols    50  SKIP (m=50 only run up to n=50,000; large-n reserved for m<=10)
  B_in_sqrt                1  1  100000        5  0.5768  0.5640   1.0000   28.2s
  B_in_sqrt                1  2  100000        5  0.5771  0.5645   1.0000   30.5s

  B_in_sqrt               10  1   10000        5  0.6714  0.6516   0.1713  327.0s
  B_in_sqrt               10  2   10000        5  0.6723  0.6543   0.1713  375.9s

  B_in_sqrt               50  SKIP (m=50 only run up to n=50,000; large-n reserved for m<=10)
  B_in_dm                  1  1  100000       28  0.6848  0.6732   1.0000   16.0s
  B_in_dm                  1  2  100000       28  0.6855  0.6728   1.0000   18.8s

  B_in_dm                 10  1   10000        2  0.6566  0.6537   0.1488  117.1s
  B_in_dm                 10  2   10000        2  0.6592  0.6550   0.1488  139.0s

  B_in_dm                 50  SKIP (m>d=28)
  D_sqrt_fullP             1  1  100000        5  0.5788  0.5647   1.0000   35.6s
  D_sqrt_fullP             1  2  100000        5  0.5790  0.5647   1.0000   37.8s

  D_sqrt_fullP            10  1   10000        5  0.6510  0.6381   0.0878   44.0s
  D_sqrt_fullP            10  2   10000        5  0.6525  0.6386   0.0878   60.1s

  D_sqrt_fullP            50  SKIP (m=50 only run up to n=50,000; large-n reserved for m<=10)
  D_dm_fullP               1  1  100000       28  0.6847  0.6767   1.0000   17.4s
  D_dm_fullP               1  2  100000       28  0.6852  0.6761   1.0000   20.2s

  D_dm_fullP              10  1   10000        2  0.6466  0.6434   0.1270   19.2s
  D_dm_fullP              10  2   10000        2  0.6491  0.6455   0.1270   25.8s

  D_dm_fullP              50  SKIP (m>d=28)

  ──────────────────────────────────────────────────────────────────────────────────────────
  HIGGS  n=200,000  (d=28, K=2, test=20,000)
  arm                      m  L   n/SVM cols/SVM   train    test  cos_sim   t/run
  ··························································································
  C_splitdata_fullcols     1  1  200000       28  0.6811  0.6743   1.0000   31.2s
  C_splitdata_fullcols     1  2  200000       28  0.6817  0.6759   1.0000   36.1s

  C_splitdata_fullcols    10  1   20000       28  0.6815  0.6752   0.3101   34.2s
  C_splitdata_fullcols    10  2   20000       28  0.6825  0.6767   0.3101   41.3s

  C_splitdata_fullcols    50  SKIP (m=50 only run up to n=50,000; large-n reserved for m<=10)
  B_in_sqrt                1  1  200000        5  0.5722  0.5665   1.0000   54.0s
  B_in_sqrt                1  2  200000        5  0.5728  0.5675   1.0000   58.8s

  B_in_sqrt               10  1   20000        5  0.6633  0.6538   0.1554  651.6s
  B_in_sqrt               10  2   20000        5  0.6642  0.6543   0.1554  780.3s

  B_in_sqrt               50  SKIP (m=50 only run up to n=50,000; large-n reserved for m<=10)
  B_in_dm                  1  1  200000       28  0.6820  0.6753   1.0000   43.8s
  B_in_dm                  1  2  200000       28  0.6826  0.6755   1.0000   52.5s

  B_in_dm                 10  1   20000        2  0.6539  0.6526   0.1444  284.3s
  B_in_dm                 10  2   20000        2  0.6565  0.6535   0.1444  370.8s

  B_in_dm                 50  SKIP (m>d=28)
  D_sqrt_fullP             1  1  200000        5  0.5715  0.5673   1.0000   60.9s
  D_sqrt_fullP             1  2  200000        5  0.5723  0.5687   1.0000   69.7s

  D_sqrt_fullP            10  1   20000        5  0.6516  0.6461   0.1095  127.4s
  D_sqrt_fullP            10  2   20000        5  0.6517  0.6452   0.1095  179.3s

  D_sqrt_fullP            50  SKIP (m=50 only run up to n=50,000; large-n reserved for m<=10)
  D_dm_fullP               1  1  200000       28  0.6818  0.6767   1.0000   46.7s
  D_dm_fullP               1  2  200000       28  0.6825  0.6772   1.0000   59.0s

  D_dm_fullP              10  1   20000        2  0.6493  0.6464   0.0729   63.4s
  D_dm_fullP              10  2   20000        2  0.6515  0.6484   0.0729   92.6s

  D_dm_fullP              50  SKIP (m>d=28)

  exp_feeding_strategies complete. 08h08m35s

  READING (combine with reused A baseline + B_phi from prior runs):
  - Best m>1 strategy = highest test at each n. Compare C vs B_in_* vs (reused) D, B_phi.
  - B_in_sqrt vs B_phi: does variable-blindness beat random-direction subsetting?
  - C vs B_in_*: does splitting DATA or splitting COLUMNS feed SVMs better?
  - Track vs n: small-n regularization gain vs large-n convergence to baseline.

██████████████████████████████████████████████████████████████████████████████████████████████████████████████████████████████████████
  Exp — Best feeding strategy for m>1 (adds C, B_in_sqrt, B_in_dm)
  P=1000  block_C=10.0  final_C=1.0  seeds=3  full-P per SVM
  arms=['C_splitdata_fullcols', 'B_in_sqrt', 'B_in_dm', 'D_sqrt_fullP', 'D_dm_fullP']  m=[1, 10, 50]  L=[1, 2] (m=50 only n<=50,000)
  Reuse A (baseline) and B_phi (featpart) from prior runs for the full table.
██████████████████████████████████████████████████████████████████████████████████████████████████████████████████████████████████████

  Loading mnist... done (2.9s, shape=(70000, 784))
  loaded MNIST: 70,000 rows, d=784, K=10


============================================================================================
  DATASET: MNIST
============================================================================================

  ──────────────────────────────────────────────────────────────────────────────────────────
  MNIST  n=1,000  (d=784, K=10, test=14,000)
  arm                      m  L   n/SVM cols/SVM   train    test  cos_sim   t/run
  ··························································································
  C_splitdata_fullcols     1  1    1000      784  1.0000  0.8533   1.0000    0.3s
  C_splitdata_fullcols     1  2    1000      784  1.0000  0.8567   1.0000    0.4s

  C_splitdata_fullcols    10  SKIP (n/SVM=100<200)
  C_splitdata_fullcols    50  SKIP (n/SVM=20<200)
  B_in_sqrt                1  1    1000       28  0.9203  0.5696   1.0000    1.3s
  B_in_sqrt                1  2    1000       28  0.5647  0.3920   1.0000    2.0s

  B_in_sqrt               10  1     100       28  1.0000  0.8276   0.4795   12.6s
  B_in_sqrt               10  2     100       28  1.0000  0.8122   0.4795   17.1s

  B_in_sqrt               50  1      20       28  1.0000  0.8692   0.4781   60.4s
  B_in_sqrt               50  2      20       28  1.0000  0.8866   0.4781   72.8s

  B_in_dm                  1  1    1000      784  1.0000  0.8534   1.0000    0.3s
  B_in_dm                  1  2    1000      784  1.0000  0.8550   1.0000    0.5s

  B_in_dm                 10  1     100       78  1.0000  0.8860   0.7998    3.8s
  B_in_dm                 10  2     100       78  1.0000  0.8929   0.7998    7.5s

  B_in_dm                 50  1      20       15  1.0000  0.8376   0.2809   82.4s
  B_in_dm                 50  2      20       15  1.0000  0.8587   0.2809  123.2s

  D_sqrt_fullP             1  1    1000       28  0.9203  0.5681   1.0000    1.2s
  D_sqrt_fullP             1  2    1000       28  0.5697  0.4036   1.0000    2.0s

  D_sqrt_fullP            10  SKIP (n/SVM=100<200)
  D_sqrt_fullP            50  SKIP (n/SVM=20<200)
  D_dm_fullP               1  1    1000      784  1.0000  0.8587   1.0000    0.3s
  D_dm_fullP               1  2    1000      784  1.0000  0.8615   1.0000    0.5s

  D_dm_fullP              10  SKIP (n/SVM=100<200)
  D_dm_fullP              50  SKIP (n/SVM=20<200)

  ──────────────────────────────────────────────────────────────────────────────────────────
  MNIST  n=5,000  (d=784, K=10, test=14,000)
  arm                      m  L   n/SVM cols/SVM   train    test  cos_sim   t/run
  ··························································································
  C_splitdata_fullcols     1  1    5000      784  1.0000  0.9051   1.0000    1.8s
  C_splitdata_fullcols     1  2    5000      784  1.0000  0.9080   1.0000    2.6s

  C_splitdata_fullcols    10  1     500      784  0.9573  0.8993   0.3846    1.2s
  C_splitdata_fullcols    10  2     500      784  0.9758  0.9134   0.3846    1.9s

  C_splitdata_fullcols    50  SKIP (n/SVM=100<200)
  B_in_sqrt                1  1    5000       28  0.7837  0.6367   1.0000   11.6s
  B_in_sqrt                1  2    5000       28  0.5067  0.4487   1.0000   15.3s

  B_in_sqrt               10  1     500       28  0.9985  0.8979   0.3567  122.2s
  B_in_sqrt               10  2     500       28  0.9993  0.8841   0.3567  170.1s

  B_in_sqrt               50  1     100       28  1.0000  0.9284   0.3550  577.8s
  B_in_sqrt               50  2     100       28  1.0000  0.9362   0.3550  653.7s

  B_in_dm                  1  1    5000      784  1.0000  0.9072   1.0000    1.7s
  B_in_dm                  1  2    5000      784  1.0000  0.9094   1.0000    2.7s

  B_in_dm                 10  1     500       78  1.0000  0.9420   0.7134   29.4s
  B_in_dm                 10  2     500       78  1.0000  0.9430   0.7134   59.6s

  B_in_dm                 50  1     100       15  1.0000  0.9083   0.2218  703.3s
  B_in_dm                 50  2     100       15  1.0000  0.9180   0.2218 1047.0s

  D_sqrt_fullP             1  1    5000       28  0.7783  0.6367   1.0000   11.4s
  D_sqrt_fullP             1  2    5000       28  0.4865  0.4199   1.0000   15.2s

  D_sqrt_fullP            10  1     500       28  0.9403  0.8800   0.4251   10.6s
  D_sqrt_fullP            10  2     500       28  0.9309  0.8505   0.4251   18.0s

  D_sqrt_fullP            50  SKIP (n/SVM=100<200)
  D_dm_fullP               1  1    5000      784  1.0000  0.9073   1.0000    1.7s
  D_dm_fullP               1  2    5000      784  1.0000  0.9095   1.0000    2.6s

  D_dm_fullP              10  1     500       78  0.9676  0.9086   0.7366    3.1s
  D_dm_fullP              10  2     500       78  0.9773  0.9048   0.7366    8.2s

  D_dm_fullP              50  SKIP (n/SVM=100<200)

  ──────────────────────────────────────────────────────────────────────────────────────────
  MNIST  n=10,000  (d=784, K=10, test=14,000)
  arm                      m  L   n/SVM cols/SVM   train    test  cos_sim   t/run
  ··························································································
  C_splitdata_fullcols     1  1   10000      784  0.9990  0.9204   1.0000    3.7s
  C_splitdata_fullcols     1  2   10000      784  0.9994  0.9230   1.0000    5.8s

  C_splitdata_fullcols    10  1    1000      784  0.9472  0.9151   0.4313    2.6s
  C_splitdata_fullcols    10  2    1000      784  0.9674  0.9282   0.4313    4.3s

  C_splitdata_fullcols    50  1     200      784  0.9798  0.9182   0.3847    8.4s
  C_splitdata_fullcols    50  2     200      784  0.9829  0.9333   0.3847    8.1s

  B_in_sqrt                1  1   10000       28  0.7373  0.6511   1.0000   21.4s
  B_in_sqrt                1  2   10000       28  0.4790  0.4476   1.0000   29.0s

  B_in_sqrt               10  1    1000       28  0.9912  0.9165   0.3535  221.8s
  B_in_sqrt               10  2    1000       28  0.9954  0.9051   0.3535  331.4s

  B_in_sqrt               50  1     200       28  0.9999  0.9442   0.3480 1090.8s
  B_in_sqrt               50  2     200       28  1.0000  0.9497   0.3480 1346.3s

  B_in_dm                  1  1   10000      784  0.9989  0.9230   1.0000    3.9s
  B_in_dm                  1  2   10000      784  0.9994  0.9254   1.0000    6.0s

  B_in_dm                 10  1    1000       78  0.9999  0.9540   0.6890   65.2s
  B_in_dm                 10  2    1000       78  0.9999  0.9540   0.6890  132.1s

  B_in_dm                 50  1     200       15  0.9999  0.9280   0.2220 1491.0s
  B_in_dm                 50  2     200       15  1.0000  0.9318   0.2220 2310.6s

  D_sqrt_fullP             1  1   10000       28  0.7355  0.6498   1.0000   22.8s
  D_sqrt_fullP             1  2   10000       28  0.4594  0.4162   1.0000   31.0s

  D_sqrt_fullP            10  1    1000       28  0.9335  0.8998   0.3916   12.6s
  D_sqrt_fullP            10  2    1000       28  0.9280  0.8810   0.3916   24.2s

  D_sqrt_fullP            50  1     200       28  0.9962  0.9178   0.4824   32.8s
  D_sqrt_fullP            50  2     200       28  0.9963  0.9195   0.4824   34.5s

  D_dm_fullP               1  1   10000      784  0.9990  0.9191   1.0000    3.9s
  D_dm_fullP               1  2   10000      784  0.9995  0.9220   1.0000    6.0s

  D_dm_fullP              10  1    1000       78  0.9623  0.9316   0.7188    5.1s
  D_dm_fullP              10  2    1000       78  0.9703  0.9293   0.7188   12.5s

  D_dm_fullP              50  1     200       15  0.9944  0.9107   0.2738   43.5s
  D_dm_fullP              50  2     200       15  0.9949  0.9016   0.2738   59.2s


  ──────────────────────────────────────────────────────────────────────────────────────────
  MNIST  n=50,000  (d=784, K=10, test=14,000)
  arm                      m  L   n/SVM cols/SVM   train    test  cos_sim   t/run
  ··························································································
  C_splitdata_fullcols     1  1   50000      784  0.9707  0.9475   1.0000   18.2s
  C_splitdata_fullcols     1  2   50000      784  0.9763  0.9515   1.0000   31.1s

  C_splitdata_fullcols    10  1    5000      784  0.9515  0.9384   0.4438   19.3s
  C_splitdata_fullcols    10  2    5000      784  0.9645  0.9490   0.4438   32.2s

  C_splitdata_fullcols    50  1    1000      784  0.9555  0.9395   0.4319   38.3s
  C_splitdata_fullcols    50  2    1000      784  0.9673  0.9515   0.4319   41.0s

  B_in_sqrt                1  1   50000       28  0.6868  0.6644   1.0000  104.9s
  B_in_sqrt                1  2   50000       28  0.4518  0.4456   1.0000  139.1s

  B_in_sqrt               10  1    5000       28  0.9558  0.9388   0.3740  916.7s
  B_in_sqrt               10  2    5000       28  0.9592  0.9305   0.3740 1551.0s

  B_in_sqrt               50  1    1000       28  0.9908  0.9670   0.3690 4891.4s
  B_in_sqrt               50  2    1000       28  0.9962  0.9692   0.3690 6229.2s

  B_in_dm                  1  1   50000      784  0.9721  0.9487   1.0000   20.5s
  B_in_dm                  1  2   50000      784  0.9770  0.9520   1.0000   34.3s

  B_in_dm                 10  1    5000       78  0.9851  0.9696   0.6868  312.5s
  B_in_dm                 10  2    5000       78  0.9872  0.9709   0.6868  655.1s
